// 重构日志: c213f040
// 重构日志: fcdaa24a
// 同步 ID: 20fd3d37 @ Sun Jul 12 18:32:40 UTC 2026
// 同步 ID: 8dd8cc7c @ Mon Jul 13 01:18:29 UTC 2026
// 重构日志: 3e5b4636
// 重构日志: 432ee5c0
// 同步 ID: ec0d302c @ Mon Jul 13 17:42:13 UTC 2026
// 重构日志: 9dd0a189
// 重构日志: 7b00baac
// 重构日志: 462f4683
// 重构日志: 2b5a72f6
// 同步 ID: 153eb0f7 @ Fri Jul 17 05:17:43 UTC 2026
// 重构日志: 5d85521d
// 同步 ID: c591861d @ Sat Jul 18 16:02:35 UTC 2026
// 同步 ID: e40ee2be @ Sun Jul 19 08:29:30 UTC 2026
// 重构日志: 3742c470
// 同步 ID: 999ea608 @ Sun Jul 19 18:29:10 UTC 2026
// 同步 ID: b6eebfa3 @ Mon Jul 20 01:38:27 UTC 2026
// 重构日志: 8b0251b8
// 重构日志: b18e0928
// 重构日志: 4c42a362
// 重构日志: f9ff122f
// 重构日志: 5d72b2a9
// 重构日志: db3cd1d5
// 重构日志: 4bffb4ef
// 同步 ID: 8cce668a @ Fri Jul 24 13:14:22 UTC 2026
// 同步 ID: 32641553 @ Sat Jul 25 01:22:12 UTC 2026
// 同步 ID: e5385b3e @ Sat Jul 25 05:37:24 UTC 2026
// 同步 ID: d43fb586 @ Sun Jul 26 11:49:34 UTC 2026
// 同步 ID: db8fb2d0 @ Tue Jul 28 04:13:54 UTC 2026
// 重构日志: 17faaf34
